// Jest Snapshot v1, https://goo.gl/fbAQLP

exports[`boardContainer should render correctly in "debug" mode 1`] = `
<boardContainer
  debug={true}
/>
`;
