// Jest Snapshot v1, https://goo.gl/fbAQLP

exports[`taskListContainer should render correctly in "debug" mode 1`] = `
<taskListContainer
  debug={true}
/>
`;
